>>> BaseGeometry = __import__('7-base_geometry').BaseGeometry

>>> bg = BaseGeometry()

# Test integer_validator with valid input
>>> bg.integer_validator('test', 5)

# Test integer_validator with non-integer input
>>> bg.integer_validator('test', 'string') # doctest: +ELLIPSIS
Traceback (most recent call last):
...
TypeError: test must be an integer

# Test integer_validator with value less than or equal to 0
>>> bg.integer_validator('test', -5) # doctest: +ELLIPSIS
Traceback (most recent call last):
...
ValueError: test must be greater than 0

# Test area method with unimplemented method

>>> bg.integer_validator()
Traceback (most recent call last):
...
TypeError: integer_validator() missing 2 required positional arguments: 'name' and 'value'

>>> bg.integer_validator('height')
Traceback (most recent call last):
...
TypeError: integer_validator() missing 1 required positional argument: 'value'

>>> bg.integer_validator('width', 0)
Traceback (most recent call last):
...
ValueError: width must be greater than 0

>>> bg.integer_validator('height', (4, 0))
Traceback (most recent call last):
...
TypeError: height must be an integer

>>> bg.integer_validator('height', [2, 3])
Traceback (most recent call last):
...
TypeError: height must be an integer

>>> bg.integer_validator('height', True)
Traceback (most recent call last):
...
TypeError: height must be an integer

>>> bg.integer_validator('height', {3, 4})
Traceback (most recent call last):
...
TypeError: height must be an integer

>>> bg.integer_validator('height', None)
Traceback (most recent call last):
...
TypeError: height must be an integer

>>> bg.area()
Traceback (most recent call last):
...
Exception: area() is not implemented
